// Jest Snapshot v1, https://goo.gl/fbAQLP

exports[`<Modal /> should match snapshots 1`] = `
Object {
  "asFragment": [Function],
  "baseElement": <body
    class="ReactModal__Body--open"
  >
    <div
      data-react-modal-body-trap=""
      style="position: absolute; opacity: 0;"
      tabindex="0"
    />
    <div />
    <div
      data-react-modal-body-trap=""
      style="position: absolute; opacity: 0;"
      tabindex="0"
    />
    <div
      class="ReactModalPortal"
    >
      <div
        class="ReactModal__Overlay"
        style="position: fixed; top: 0px; left: 0px; right: 0px; bottom: 0px;"
      >
        <div
          aria-modal="true"
          class="ReactModal__Content"
          role="dialog"
          style="position: absolute; top: 50%; left: 50%; border: 1px solid #ccc; background: rgb(255, 255, 255); overflow: auto; border-radius: 4px; outline: none; padding: 20px; margin-right: -50%; transform: translate(-50%, -50%); width: 600px; height: 530px;"
          tabindex="-1"
        >
          <section
            class="sc-bdfBQB gqMTeA"
          >
            <button
              class="sc-hKgJUU cTQnKd"
              type="button"
            >
              <svg
                fill="currentColor"
                height="30"
                stroke="currentColor"
                stroke-width="0"
                viewBox="0 0 24 24"
                width="30"
                xmlns="http://www.w3.org/2000/svg"
              >
                <path
                  d="M19 6.41L17.59 5 12 10.59 6.41 5 5 6.41 10.59 12 5 17.59 6.41 19 12 13.41 17.59 19 19 17.59 13.41 12z"
                />
              </svg>
            </button>
            <div
              class="sc-dlfnuX gNwICt"
            />
            <h1>
              undefined undefined
            </h1>
            <div
              class="sc-gsTEea fXhQjI"
            >
              <strong>
                Email:
              </strong>
              <p />
            </div>
            <div
              class="sc-gsTEea fXhQjI"
            >
              <strong>
                Gender:
              </strong>
              <p />
            </div>
            <div
              class="sc-gsTEea fXhQjI"
            >
              <strong>
                Birth:
              </strong>
              <p>
                07/10/2021
              </p>
            </div>
            <div
              class="sc-gsTEea fXhQjI"
            >
              <strong>
                Phone:
              </strong>
              <p />
            </div>
            <div
              class="sc-gsTEea fXhQjI"
            >
              <strong>
                NAT:
              </strong>
              <p />
            </div>
            <div
              class="sc-gsTEea fXhQjI"
            >
              <strong>
                Address:
              </strong>
              <p>
                undefined, undefined - undefined - undefined
              </p>
            </div>
            <div
              class="sc-gsTEea fXhQjI"
            >
              <strong>
                ID:
              </strong>
              <p>
                undefined - undefined
              </p>
            </div>
            <div
              class="sc-gsTEea fXhQjI"
            >
              <a
                href="/profile/undefined"
              >
                URL
              </a>
            </div>
          </section>
        </div>
      </div>
    </div>
  </body>,
  "container": <div />,
  "debug": [Function],
  "findAllByAltText": [Function],
  "findAllByDisplayValue": [Function],
  "findAllByLabelText": [Function],
  "findAllByPlaceholderText": [Function],
  "findAllByRole": [Function],
  "findAllByTestId": [Function],
  "findAllByText": [Function],
  "findAllByTitle": [Function],
  "findByAltText": [Function],
  "findByDisplayValue": [Function],
  "findByLabelText": [Function],
  "findByPlaceholderText": [Function],
  "findByRole": [Function],
  "findByTestId": [Function],
  "findByText": [Function],
  "findByTitle": [Function],
  "getAllByAltText": [Function],
  "getAllByDisplayValue": [Function],
  "getAllByLabelText": [Function],
  "getAllByPlaceholderText": [Function],
  "getAllByRole": [Function],
  "getAllByTestId": [Function],
  "getAllByText": [Function],
  "getAllByTitle": [Function],
  "getByAltText": [Function],
  "getByDisplayValue": [Function],
  "getByLabelText": [Function],
  "getByPlaceholderText": [Function],
  "getByRole": [Function],
  "getByTestId": [Function],
  "getByText": [Function],
  "getByTitle": [Function],
  "queryAllByAltText": [Function],
  "queryAllByDisplayValue": [Function],
  "queryAllByLabelText": [Function],
  "queryAllByPlaceholderText": [Function],
  "queryAllByRole": [Function],
  "queryAllByTestId": [Function],
  "queryAllByText": [Function],
  "queryAllByTitle": [Function],
  "queryByAltText": [Function],
  "queryByDisplayValue": [Function],
  "queryByLabelText": [Function],
  "queryByPlaceholderText": [Function],
  "queryByRole": [Function],
  "queryByTestId": [Function],
  "queryByText": [Function],
  "queryByTitle": [Function],
  "rerender": [Function],
  "unmount": [Function],
}
`;
